node.exe : ΓÜá 
Warning: Next.js 
inferred your 
workspace root, but 
it may not be correct.
At line:1 char:1
+ & "C:\Program Files\
nodejs/node.exe" "C:\U
sers\eathe\AppData\Roa
ming\ ...
+ ~~~~~~~~~~~~~~~~~~~~
~~~~~~~~~~~~~~~~~~~~~~
~~~~~~~~~~~~~~~~~~~~~~
~~~~~
    + CategoryInfo    
          : NotSpeci  
  fied: (ΓÜá Warnin   
 g: Ne...not be co    
rrect.:String) []    
, RemoteException
    + FullyQualifiedE 
   rrorId : NativeCo  
  mmandError
 
 We detected multiple 
lockfiles and 
selected the 
directory of C:\Users\
eathe\package-lock.jso
n as the root 
directory.
 To silence this 
warning, set 
`turbopack.root` in 
your Next.js config, 
or consider removing 
one of the lockfiles 
if it's not needed.
   See https://nextjs.
org/docs/app/api-refer
ence/config/next-confi
g-js/turbopack#root-di
rectory for more 
information.
 Detected additional 
lockfiles: 
   * C:\Users\eathe\ni
xtudio\NIX-STUDIO\pack
age-lock.json

Γû▓ Next.js 16.2.1 (Turbopack)

  Creating an optimized production build ...

> Build error occurred
Error: Turbopack 
build failed with 4 
errors:
./nixtudio/NIX-STUDIO/
app/bridal/layout.tsx:
4:1
Merge conflict marker 
encountered.
  [90m2 |[0m
  [90m3 |[0m 
[36mexport[0m 
[36mconst[0m 
metadata: 
[33mMetadata[0m = {
[31m[1m>[0m [90m4 
|[0m <<<<<<< 
[33mHEAD[0m
  [90m  |[0m 
[31m[1m^^^^^^^[0m
  [90m5 |[0m   
title: [32m'Bridal 
ΓÇö NIX Studio Bridal 
Makeup Pala'[0m,
  [90m6 |[0m   
description: 
[32m'Premium bridal 
makeup services in 
Pala, Kottayam. We 
specialize in HD, 
airb...[0m
  [90m7 |[0m }

Parsing ecmascript 
source code failed


./nixtudio/NIX-STUDIO/
app/bridal/layout.tsx:
8:1
Merge conflict marker 
encountered.
  [90m 6 |[0m   
description: 
[32m'Premium bridal 
makeup services in 
Pala, Kottayam. We 
specialize in HD, 
air...[0m
  [90m 7 |[0m }
[31m[1m>[0m [90m 
8 |[0m =======
  [90m   |[0m 
[31m[1m^^^^^^^[0m
  [90m 9 |[0m   
title: [32m"Bridal 
Makeup in Pala by 
Nikita Liby | 
NIXTUDIO"[0m,
  [90m10 |[0m   
description:
  [90m11 |[0m     
[32m"Bridal makeup 
in Pala by Nikita 
Liby. HD & airbrush 
packages from 
Γé╣27,500. 
Engagement.[0m..

Parsing ecmascript 
source code failed


./nixtudio/NIX-STUDIO/
app/services/layout.ts
x:4:1
Merge conflict marker 
encountered.
  [90m2 |[0m
  [90m3 |[0m 
[36mexport[0m 
[36mconst[0m 
metadata: 
[33mMetadata[0m = {
[31m[1m>[0m [90m4 
|[0m <<<<<<< 
[33mHEAD[0m
  [90m  |[0m 
[31m[1m^^^^^^^[0m
  [90m5 |[0m   
title: [32m'Services 
ΓÇö NIX Studio Bridal 
Makeup Pala'[0m,
  [90m6 |[0m   
description: 
[32m'Explore NIX 
Studio\'s full range 
of bridal services 
including HD makeup, 
ai...[0m
  [90m7 |[0m }

Parsing ecmascript 
source code failed


./nixtudio/NIX-STUDIO/
app/services/layout.ts
x:8:1
Merge conflict marker 
encountered.
  [90m 6 |[0m   
description: 
[32m'Explore NIX 
Studio\'s full range 
of bridal services 
including HD makeup, 
a...[0m
  [90m 7 |[0m }
[31m[1m>[0m [90m 
8 |[0m =======
  [90m   |[0m 
[31m[1m^^^^^^^[0m
  [90m 9 |[0m   
title: [32m"Salon in 
Pala, Kerala ΓÇö 
Hair, Nails & Spa | 
NIXTUDIO"[0m,
  [90m10 |[0m   
description:
  [90m11 |[0m     
[32m"Salon in Pala, 
Kerala ΓÇö NIXTUDIO. 
Hair, nails, facials, 
spa, waxing & more by 
Nikita .[0m..

Parsing ecmascript 
source code failed


    at <unknown> (./ni
xtudio/NIX-STUDIO/app/
bridal/layout.tsx:4:1)
    at <unknown> (./ni
xtudio/NIX-STUDIO/app/
bridal/layout.tsx:8:1)
    at <unknown> (./ni
xtudio/NIX-STUDIO/app/
services/layout.tsx:4:
1)
    at <unknown> (./ni
xtudio/NIX-STUDIO/app/
services/layout.tsx:8:
1)
