
> find@0.1.0 build
> next build

node.exe : ΓÜá 
Warning: Next.js 
inferred your 
workspace root, but 
it may not be correct.
At line:1 char:1
+ & "C:\Program Files\
nodejs/node.exe" "C:\U
sers\eathe\AppData\Roa
ming\ ...
+ ~~~~~~~~~~~~~~~~~~~~
~~~~~~~~~~~~~~~~~~~~~~
~~~~~~~~~~~~~~~~~~~~~~
~~~~~
    + CategoryInfo    
          : NotSpeci  
  fied: (ΓÜá Warnin   
 g: Ne...not be co    
rrect.:String) []    
, RemoteException
    + FullyQualifiedE 
   rrorId : NativeCo  
  mmandError
 
 We detected multiple 
lockfiles and 
selected the 
directory of C:\Users\
eathe\package-lock.jso
n as the root 
directory.
 To silence this 
warning, set 
`turbopack.root` in 
your Next.js config, 
or consider removing 
one of the lockfiles 
if it's not needed.
   See https://nextjs.
org/docs/app/api-refer
ence/config/next-confi
g-js/turbopack#root-di
rectory for more 
information.
 Detected additional 
lockfiles: 
   * C:\Users\eathe\ni
xtudio\NIX-STUDIO\pack
age-lock.json

Γû▓ Next.js 16.2.1 (Turbopack)

  Creating an optimized production build ...

> Build error occurred
Error: Turbopack 
build failed with 1 
errors:
./nixtudio/NIX-STUDIO/
app/page.tsx:601:9
Expected '>', got 
'ident'
  [90m599 |[0m      
 </section>
  [90m600 |[0m
[31m[1m>[0m 
[90m601 |[0m       
</section>
  [90m    |[0m      
   
[31m[1m^^^^^^^[0m
  [90m602 |[0m
  [90m603 |[0m      
 {[90m/* 
ΓöÇΓöÇΓöÇΓöÇ 6. 
FOOTER CTA 
ΓöÇΓöÇΓöÇΓöÇ */[0m}
  [90m604 |[0m      
 <section className=[
32m"section-padding se
ction-gradient-deep"[
0m>

Parsing ecmascript 
source code failed


    at <unknown> (./ni
xtudio/NIX-STUDIO/app/
page.tsx:601:9)
